// Jest Snapshot v1, https://goo.gl/fbAQLP

exports[`insert renders job form 1`] = `undefined`;
